###############################################################################
#
# IAR ELF Linker V3.10.1.201 for STM8                     18/Dec/2018  17:32:16
# Copyright 2010-2017 IAR Systems AB.
#
#    Output file  =  
#        D:\work_lj\ProjectBuilder\STM8S_FM17550\CardReader_v1.0\Release\Exe\CR_stm8_fm17550.out
#    Map file     =  
#        D:\work_lj\ProjectBuilder\STM8S_FM17550\CardReader_v1.0\Release\List\CR_stm8_fm17550.map
#    Command line =  
#        -f C:\Users\liu\AppData\Local\Temp\EWF595.tmp
#        (D:\work_lj\ProjectBuilder\STM8S_FM17550\CardReader_v1.0\Release\Obj\CardRd.o
#        D:\work_lj\ProjectBuilder\STM8S_FM17550\CardReader_v1.0\Release\Obj\CardRd_cfg.o
#        D:\work_lj\ProjectBuilder\STM8S_FM17550\CardReader_v1.0\Release\Obj\fm175xx.o
#        D:\work_lj\ProjectBuilder\STM8S_FM17550\CardReader_v1.0\Release\Obj\fm175xx_cfg.o
#        D:\work_lj\ProjectBuilder\STM8S_FM17550\CardReader_v1.0\Release\Obj\main.o
#        D:\work_lj\ProjectBuilder\STM8S_FM17550\CardReader_v1.0\Release\Obj\Mcu_Init.o
#        D:\work_lj\ProjectBuilder\STM8S_FM17550\CardReader_v1.0\Release\Obj\MemIf.o
#        D:\work_lj\ProjectBuilder\STM8S_FM17550\CardReader_v1.0\Release\Obj\MemIf_cfg.o
#        D:\work_lj\ProjectBuilder\STM8S_FM17550\CardReader_v1.0\Release\Obj\mifare_card.o
#        D:\work_lj\ProjectBuilder\STM8S_FM17550\CardReader_v1.0\Release\Obj\stm8s_adc1.o
#        D:\work_lj\ProjectBuilder\STM8S_FM17550\CardReader_v1.0\Release\Obj\stm8s_awu.o
#        D:\work_lj\ProjectBuilder\STM8S_FM17550\CardReader_v1.0\Release\Obj\stm8s_beep.o
#        D:\work_lj\ProjectBuilder\STM8S_FM17550\CardReader_v1.0\Release\Obj\stm8s_clk.o
#        D:\work_lj\ProjectBuilder\STM8S_FM17550\CardReader_v1.0\Release\Obj\stm8s_exti.o
#        D:\work_lj\ProjectBuilder\STM8S_FM17550\CardReader_v1.0\Release\Obj\stm8s_flash.o
#        D:\work_lj\ProjectBuilder\STM8S_FM17550\CardReader_v1.0\Release\Obj\stm8s_gpio.o
#        D:\work_lj\ProjectBuilder\STM8S_FM17550\CardReader_v1.0\Release\Obj\stm8s_it.o
#        D:\work_lj\ProjectBuilder\STM8S_FM17550\CardReader_v1.0\Release\Obj\stm8s_itc.o
#        D:\work_lj\ProjectBuilder\STM8S_FM17550\CardReader_v1.0\Release\Obj\stm8s_iwdg.o
#        D:\work_lj\ProjectBuilder\STM8S_FM17550\CardReader_v1.0\Release\Obj\stm8s_rst.o
#        D:\work_lj\ProjectBuilder\STM8S_FM17550\CardReader_v1.0\Release\Obj\stm8s_spi.o
#        D:\work_lj\ProjectBuilder\STM8S_FM17550\CardReader_v1.0\Release\Obj\stm8s_tim1.o
#        D:\work_lj\ProjectBuilder\STM8S_FM17550\CardReader_v1.0\Release\Obj\stm8s_tim2.o
#        D:\work_lj\ProjectBuilder\STM8S_FM17550\CardReader_v1.0\Release\Obj\stm8s_tim4.o
#        D:\work_lj\ProjectBuilder\STM8S_FM17550\CardReader_v1.0\Release\Obj\stm8s_uart1.o
#        D:\work_lj\ProjectBuilder\STM8S_FM17550\CardReader_v1.0\Release\Obj\stm8s_wwdg.o
#        D:\work_lj\ProjectBuilder\STM8S_FM17550\CardReader_v1.0\Release\Obj\Tx522b.o
#        D:\work_lj\ProjectBuilder\STM8S_FM17550\CardReader_v1.0\Release\Obj\Tx522b_cfg.o
#        D:\work_lj\ProjectBuilder\STM8S_FM17550\CardReader_v1.0\Release\Obj\type_a.o
#        D:\work_lj\ProjectBuilder\STM8S_FM17550\CardReader_v1.0\Release\Obj\type_b.o
#        D:\work_lj\ProjectBuilder\STM8S_FM17550\CardReader_v1.0\Release\Obj\UartCmn.o
#        D:\work_lj\ProjectBuilder\STM8S_FM17550\CardReader_v1.0\Release\Obj\Utility.o
#        --redirect _Printf=_PrintfFullNoMb --redirect _Scanf=_ScanfFullNoMb -o
#        D:\work_lj\ProjectBuilder\STM8S_FM17550\CardReader_v1.0\Release\Exe\CR_stm8_fm17550.out
#        --map
#        D:\work_lj\ProjectBuilder\STM8S_FM17550\CardReader_v1.0\Release\List\CR_stm8_fm17550.map
#        --config "C:\Program Files (x86)\IAR Systems\Embedded Workbench
#        8.0\stm8\config\lnkstm8s003f3.icf" --config_def _CSTACK_SIZE=0x200
#        --config_def _HEAP_SIZE=0x200 --entry __iar_program_start)
#
###############################################################################

*******************************************************************************
*** RUNTIME MODEL ATTRIBUTES
***

__SystemLibrary            = DLib
__code_model               = small
__core                     = stm8
__data_model               = medium
__dlib_file_descriptor     = 0
__dlib_full_locale_support = 0
__rt_version               = 4


*******************************************************************************
*** PLACEMENT SUMMARY
***

"A0":  place at start of [0x000000-0x0000ff] { rw section .vregs };
"A1":  place at end of [0x000000-0x0003ff] { block CSTACK };
"P2":  place in [from 0x000000 to 0x0003ff] {
          block HEAP, rw section __DLIB_PERTHREAD, rw section .far.bss,
          rw section .far.data, rw section .far.noinit,
          rw section .far_func.textrw, rw section .huge.bss,
          rw section .huge.data, rw section .huge.noinit,
          rw section .huge_func.textrw, rw section .iar.dynexit,
          rw section .near.bss, rw section .near.data, rw section .near.noinit,
          rw section .near_func.textrw };
"A2":  place at start of [0x008000-0x009fff] { block INTVEC };
"P3":  place in [from 0x008000 to 0x009fff] {
          ro section __DLIB_PERTHREAD_init, ro section .far.data_init,
          ro section .far_func.textrw_init, ro section .huge.data_init,
          ro section .huge_func.textrw_init, ro section .iar.init_table,
          ro section .init_array, ro section .near.data_init,
          ro section .near.rodata, ro section .near_func.text,
          ro section .near_func.textrw_init, ro section .tiny.data_init,
          ro section .tiny.rodata_init };
"P4":  place in [from 0x008000 to 0x009fff] {
          ro section .far.rodata, ro section .far_func.text };
"P5":  place in [from 0x008000 to 0x009fff] {
          ro section .huge.rodata, ro section .huge_func.text };
do not initialize {
   rw section .eeprom.noinit, rw section .far.noinit, rw section .huge.noinit,
   rw section .near.noinit, rw section .tiny.noinit, rw section .vregs };

  Section          Kind      Address    Size  Object
  -------          ----      -------    ----  ------
"A0":                                   0x10
  .vregs           uninit   0x000000    0x10  vregs.o [4]
                          - 0x000010    0x10

"P2":                                  0x16e
  .near.bss        zero     0x000010    0x60  Tx522b.o [1]
  .near.bss        zero     0x000070    0x43  UartCmn.o [1]
  .near.bss        zero     0x0000b3    0x41  UartCmn.o [1]
  .near.bss        zero     0x0000f4    0x3e  UartCmn.o [1]
  .near.bss        zero     0x000132    0x3b  Tx522b.o [1]
  .near.bss        zero     0x00016d     0x6  CardRd.o [1]
  .near.bss        zero     0x000173     0x4  Tx522b.o [1]
  .near.bss        zero     0x000177     0x4  Tx522b.o [1]
  .near.bss        zero     0x00017b     0x1  Tx522b.o [1]
  .near.bss        zero     0x00017c     0x1  Tx522b.o [1]
  .near.bss        zero     0x00017d     0x1  Tx522b.o [1]
                          - 0x00017e   0x16e

"A1":                                  0x200
  CSTACK                    0x000200   0x200  <Block>
    CSTACK         uninit   0x000200   0x200  <Block tail>
                          - 0x000400   0x200

"A2":                                   0x80
  INTVEC                    0x008000    0x80  <Block>
    .intvec        const    0x008000    0x80  interrupt.o [4]
                          - 0x008080    0x80

"P3-P5":                              0x1ae1
  .near_func.text  ro code  0x008080   0x369  Tx522b.o [1]
  .near_func.text  ro code  0x0083e9   0x20a  fm175xx.o [1]
  .near_func.text  ro code  0x0085f3   0x17e  long.o [4]
  .near_func.text  ro code  0x008771   0x13b  vreg_util.o [4]
  .near_func.text  ro code  0x0088ac   0x10c  stm8s_uart1.o [1]
  .near_func.text  ro code  0x0089b8    0xce  UartCmn.o [1]
  .near_func.text  ro code  0x008a86    0xc9  type_a.o [1]
  .near_func.text  ro code  0x008b4f    0xa3  Tx522b.o [1]
  .near_func.text  ro code  0x008bf2    0x8b  fm175xx.o [1]
  .near_func.text  ro code  0x008c7d    0x88  Mcu_Init.o [1]
  .near_func.text  ro code  0x008d05    0x86  mifare_card.o [1]
  .near_func.text  ro code  0x008d8b    0x84  type_a.o [1]
  .near_func.text  ro code  0x008e0f    0x7d  fm175xx.o [1]
  .near_func.text  ro code  0x008e8c    0x7c  Mcu_Init.o [1]
  .near_func.text  ro code  0x008f08    0x6e  MemIf.o [1]
  .near_func.text  ro code  0x008f76    0x69  CardRd.o [1]
  .near_func.text  ro code  0x008fdf    0x69  CardRd.o [1]
  .near_func.text  ro code  0x009048    0x68  CardRd.o [1]
  .near_func.text  ro code  0x0090b0    0x64  stm8s_gpio.o [1]
  .near_func.text  ro code  0x009114    0x63  type_a.o [1]
  .near_func.text  ro code  0x009177    0x5f  MemIf.o [1]
  .near_func.text  ro code  0x0091d6    0x5a  mifare_card.o [1]
  .near_func.text  ro code  0x009230    0x54  UartCmn.o [1]
  .near_func.text  ro code  0x009284    0x53  long_util.o [4]
  .near_func.text  ro code  0x0092d7    0x52  Tx522b.o [1]
  .near_func.text  ro code  0x009329    0x4a  Mcu_Init.o [1]
  .near_func.text  ro code  0x009373    0x4a  type_b.o [1]
  .near_func.text  ro code  0x0093bd    0x44  mifare_card.o [1]
  .near_func.text  ro code  0x009401    0x41  CardRd.o [1]
  .near_func.text  ro code  0x009442    0x3b  stm8s_clk.o [1]
  .near_func.text  ro code  0x00947d    0x39  type_a.o [1]
  .near_func.text  ro code  0x0094b6    0x38  UartCmn.o [1]
  .near_func.text  ro code  0x0094ee    0x37  fm175xx_cfg.o [1]
  .near_func.text  ro code  0x009525    0x36  fm175xx_cfg.o [1]
  .near_func.text  ro code  0x00955b    0x36  stm8s_clk.o [1]
  .near_func.text  ro code  0x009591    0x36  UartCmn.o [1]
  .near_func.text  ro code  0x0095c7    0x32  stm8s_spi.o [1]
  .near_func.text  ro code  0x0095f9    0x31  type_b.o [1]
  .near_func.text  ro code  0x00962a    0x30  Tx522b.o [1]
  .near_func.text  ro code  0x00965a    0x2b  stm8s_uart1.o [1]
  .near_func.text  ro code  0x009685    0x29  short.o [4]
  .near_func.text  ro code  0x0096ae    0x27  stm8s_uart1.o [1]
  .near_func.text  ro code  0x0096d5    0x26  type_b.o [1]
  .near_func.text  ro code  0x0096fb    0x25  dc_util.o [4]
  .iar.init_table  const    0x009720     0x8  - Linker created -
  .near_func.text  ro code  0x009728    0x1f  memcpy.o [4]
  .near_func.text  ro code  0x009747    0x1e  init_small.o [4]
  .near_func.text  ro code  0x009765    0x1c  main.o [1]
  .near_func.text  ro code  0x009781    0x1b  UartCmn.o [1]
  .near_func.text  ro code  0x00979c    0x19  type_a.o [1]
  .near_func.text  ro code  0x0097b5    0x19  UartCmn.o [1]
  .near_func.text  ro code  0x0097ce    0x16  stm8s_flash.o [1]
  .near_func.text  ro code  0x0097e4    0x16  stm8s_it.o [1]
  .near_func.text  ro code  0x0097fa    0x16  stm8s_it.o [1]
  .near.rodata     const    0x009810    0x15  MemIf_cfg.o [1]
  .near_func.text  ro code  0x009825    0x15  stm8s_spi.o [1]
  .near_func.text  ro code  0x00983a    0x14  fm175xx_cfg.o [1]
  .near_func.text  ro code  0x00984e    0x14  init.o [4]
  .near_func.text  ro code  0x009862    0x13  cstartup.o [4]
  .near_func.text  ro code  0x009875    0x12  stm8s_spi.o [1]
  .near_func.text  ro code  0x009887    0x12  type_b.o [1]
  .near_func.text  ro code  0x009899    0x11  type_b.o [1]
  .near_func.text  ro code  0x0098aa    0x10  CardRd.o [1]
  .near_func.text  ro code  0x0098ba    0x10  fm175xx_cfg.o [1]
  .near_func.text  ro code  0x0098ca    0x10  MemIf.o [1]
  .near_func.text  ro code  0x0098da    0x10  type_a.o [1]
  .near_func.text  ro code  0x0098ea     0xf  type_a.o [1]
  .near_func.text  ro code  0x0098f9     0xf  type_b.o [1]
  .near_func.text  ro code  0x009908     0xe  stm8s_clk.o [1]
  .near_func.text  ro code  0x009916     0xe  type_a.o [1]
  .near_func.text  ro code  0x009924     0xd  stm8s_clk.o [1]
  .near_func.text  ro code  0x009931     0xd  stm8s_spi.o [1]
  .near_func.text  ro code  0x00993e     0xd  stm8s_uart1.o [1]
  .near_func.text  ro code  0x00994b     0xd  Tx522b.o [1]
  .near_func.text  ro code  0x009958     0xd  UartCmn.o [1]
  .near_func.text  ro code  0x009965     0xd  UartCmn.o [1]
  .near_func.text  ro code  0x009972     0xc  MemIf.o [1]
  .near_func.text  ro code  0x00997e     0xc  type_a.o [1]
  .near_func.text  ro code  0x00998a     0xc  type_a.o [1]
  .near_func.text  ro code  0x009996     0xb  Mcu_Init.o [1]
  .near_func.text  ro code  0x0099a1     0xb  Mcu_Init.o [1]
  .near_func.text  ro code  0x0099ac     0xb  mifare_card.o [1]
  .near_func.text  ro code  0x0099b7     0xb  stm8s_flash.o [1]
  .near_func.text  ro code  0x0099c2     0xb  type_b.o [1]
  .near_func.text  ro code  0x0099cd     0xa  fm175xx.o [1]
  .near_func.text  ro code  0x0099d7     0xa  type_a.o [1]
  .near_func.text  ro code  0x0099e1     0xa  type_b.o [1]
  .near_func.text  ro code  0x0099eb     0xa  UartCmn.o [1]
  .near_func.text  ro code  0x0099f5     0x9  CardRd.o [1]
  .near_func.text  ro code  0x0099fe     0x9  CardRd.o [1]
  .near_func.text  ro code  0x009a07     0x9  fm175xx.o [1]
  .near_func.text  ro code  0x009a10     0x9  MemIf.o [1]
  .near_func.text  ro code  0x009a19     0x9  mifare_card.o [1]
  .near_func.text  ro code  0x009a22     0x9  stm8s_clk.o [1]
  .near_func.text  ro code  0x009a2b     0x9  Tx522b.o [1]
  .near_func.text  ro code  0x009a34     0x9  type_a.o [1]
  .near_func.text  ro code  0x009a3d     0x9  UartCmn.o [1]
  .near_func.text  ro code  0x009a46     0x8  fm175xx.o [1]
  .near_func.text  ro code  0x009a4e     0x8  fm175xx_cfg.o [1]
  .near_func.text  ro code  0x009a56     0x8  Mcu_Init.o [1]
  .near_func.text  ro code  0x009a5e     0x8  mifare_card.o [1]
  .near_func.text  ro code  0x009a66     0x8  stm8s_uart1.o [1]
  .near_func.text  ro code  0x009a6e     0x8  Tx522b.o [1]
  .near_func.text  ro code  0x009a76     0x8  Tx522b.o [1]
  .near_func.text  ro code  0x009a7e     0x8  type_b.o [1]
  .near_func.text  ro code  0x009a86     0x7  mifare_card.o [1]
  .near_func.text  ro code  0x009a8d     0x7  stm8s_gpio.o [1]
  .near_func.text  ro code  0x009a94     0x6  MemIf.o [1]
  .near_func.text  ro code  0x009a9a     0x6  mifare_card.o [1]
  .near_func.text  ro code  0x009aa0     0x6  mifare_card.o [1]
  .near_func.text  ro code  0x009aa6     0x6  mifare_card.o [1]
  .near_func.text  ro code  0x009aac     0x6  type_b.o [1]
  .near_func.text  ro code  0x009ab2     0x5  fm175xx.o [1]
  .near_func.text  ro code  0x009ab7     0x5  MemIf_cfg.o [1]
  .near_func.text  ro code  0x009abc     0x5  MemIf_cfg.o [1]
  .near_func.text  ro code  0x009ac1     0x5  mifare_card.o [1]
  .near_func.text  ro code  0x009ac6     0x5  mifare_card.o [1]
  .near_func.text  ro code  0x009acb     0x5  stm8s_iwdg.o [1]
  .near_func.text  ro code  0x009ad0     0x5  stm8s_iwdg.o [1]
  .near_func.text  ro code  0x009ad5     0x5  cexit.o [4]
  .near.rodata     const    0x009ada     0x4  stm8s_clk.o [1]
  .near_func.text  ro code  0x009ade     0x4  fm175xx.o [1]
  .near_func.text  ro code  0x009ae2     0x4  mifare_card.o [1]
  .near_func.text  ro code  0x009ae6     0x4  mifare_card.o [1]
  .near_func.text  ro code  0x009aea     0x4  stm8s_flash.o [1]
  .near_func.text  ro code  0x009aee     0x4  stm8s_flash.o [1]
  .near_func.text  ro code  0x009af2     0x4  stm8s_gpio.o [1]
  .near_func.text  ro code  0x009af6     0x4  stm8s_iwdg.o [1]
  .near_func.text  ro code  0x009afa     0x4  stm8s_iwdg.o [1]
  .near_func.text  ro code  0x009afe     0x4  stm8s_iwdg.o [1]
  .near_func.text  ro code  0x009b02     0x4  stm8s_spi.o [1]
  .near_func.text  ro code  0x009b06     0x4  stm8s_spi.o [1]
  .near_func.text  ro code  0x009b0a     0x4  stm8s_uart1.o [1]
  .near_func.text  ro code  0x009b0e     0x4  stm8s_uart1.o [1]
  .near_func.text  ro code  0x009b12     0x4  type_b.o [1]
  .near_func.text  ro code  0x009b16     0x3  fm175xx.o [1]
  .near_func.text  ro code  0x009b19     0x3  MemIf_cfg.o [1]
  .near_func.text  ro code  0x009b1c     0x3  MemIf_cfg.o [1]
  .near_func.text  ro code  0x009b1f     0x3  Tx522b_cfg.o [1]
  .near_func.text  ro code  0x009b22     0x3  Tx522b_cfg.o [1]
  .near_func.text  ro code  0x009b25     0x3  Tx522b_cfg.o [1]
  .near_func.text  ro code  0x009b28     0x3  Tx522b_cfg.o [1]
  .near_func.text  ro code  0x009b2b     0x3  Tx522b_cfg.o [1]
  .near_func.text  ro code  0x009b2e     0x3  Tx522b_cfg.o [1]
  .near_func.text  ro code  0x009b31     0x3  Tx522b_cfg.o [1]
  .near_func.text  ro code  0x009b34     0x3  Tx522b_cfg.o [1]
  .near_func.text  ro code  0x009b37     0x3  Tx522b_cfg.o [1]
  .near_func.text  ro code  0x009b3a     0x3  Tx522b_cfg.o [1]
  .near_func.text  ro code  0x009b3d     0x3  Tx522b_cfg.o [1]
  .near_func.text  ro code  0x009b40     0x3  interrupt.o [4]
  .near_func.text  ro code  0x009b43     0x3  low_level_init.o [4]
  .near_func.text  ro code  0x009b46     0x3  exit.o [4]
  .near_func.text  ro code  0x009b49     0x3  unhandled_exception.o [4]
  .near_func.text  ro code  0x009b4c     0x2  xxexit.o [3]
  .near_func.text  ro code  0x009b4e     0x1  stm8s_it.o [1]
  .near_func.text  ro code  0x009b4f     0x1  stm8s_it.o [1]
  .near_func.text  ro code  0x009b50     0x1  stm8s_it.o [1]
  .near_func.text  ro code  0x009b51     0x1  stm8s_it.o [1]
  .near_func.text  ro code  0x009b52     0x1  stm8s_it.o [1]
  .near_func.text  ro code  0x009b53     0x1  stm8s_it.o [1]
  .near_func.text  ro code  0x009b54     0x1  stm8s_it.o [1]
  .near_func.text  ro code  0x009b55     0x1  stm8s_it.o [1]
  .near_func.text  ro code  0x009b56     0x1  stm8s_it.o [1]
  .near_func.text  ro code  0x009b57     0x1  stm8s_it.o [1]
  .near_func.text  ro code  0x009b58     0x1  stm8s_it.o [1]
  .near_func.text  ro code  0x009b59     0x1  stm8s_it.o [1]
  .near_func.text  ro code  0x009b5a     0x1  stm8s_it.o [1]
  .near_func.text  ro code  0x009b5b     0x1  stm8s_it.o [1]
  .near_func.text  ro code  0x009b5c     0x1  stm8s_it.o [1]
  .near_func.text  ro code  0x009b5d     0x1  stm8s_it.o [1]
  .near_func.text  ro code  0x009b5e     0x1  stm8s_it.o [1]
  .near_func.text  ro code  0x009b5f     0x1  stm8s_it.o [1]
  .near_func.text  ro code  0x009b60     0x1  Utility.o [1]
                          - 0x009b61  0x1ae1


*******************************************************************************
*** INIT TABLE
***

          Address   Size
          -------   ----
Zero (__iar_zero_init2)
    1 destination range, total size 0x16e:
          0x000010  0x16e



*******************************************************************************
*** MODULE SUMMARY
***

    Module                 ro code  ro data  rw data
    ------                 -------  -------  -------
D:\work_lj\ProjectBuilder\STM8S_FM17550\CardReader_v1.0\Release\Obj: [1]
    CardRd.o                   413                 6
    Mcu_Init.o                 364
    MemIf.o                    248
    MemIf_cfg.o                 16       21
    Tx522b.o                 1 204               166
    Tx522b_cfg.o                33
    UartCmn.o                  497               194
    Utility.o                    1
    fm175xx.o                  825
    fm175xx_cfg.o              153
    main.o                      28
    mifare_card.o              363
    stm8s_clk.o                149        4
    stm8s_flash.o               41
    stm8s_gpio.o               111
    stm8s_it.o                  62
    stm8s_iwdg.o                22
    stm8s_spi.o                110
    stm8s_uart1.o              379
    type_a.o                   602
    type_b.o                   250
    ------------------------------------------------
    Total:                   5 871       25      366

command line: [2]
    ------------------------------------------------
    Total:

dbgstm8smn.a: [3]
    xxexit.o                     2
    ------------------------------------------------
    Total:                       2

dlstm8smn.a: [4]
    cexit.o                      5
    cstartup.o                  19
    dc_util.o                   37
    exit.o                       3
    init.o                      20
    init_small.o                30
    interrupt.o                  3      128
    long.o                     382
    long_util.o                 83
    low_level_init.o             3
    memcpy.o                    31
    short.o                     41
    unhandled_exception.o        3
    vreg_util.o                315
    vregs.o                                       16
    ------------------------------------------------
    Total:                     975      128       16

    Linker created                        8      512
----------------------------------------------------
    Grand Total:             6 848      161      894


*******************************************************************************
*** ENTRY LIST
***

Entry                    Address   Size  Type      Object
-----                    -------   ----  ----      ------
.iar.init_table$$Base   0x009720          --   Gb  - Linker created -
.iar.init_table$$Limit  0x009728          --   Gb  - Linker created -
?add32_l0_l0_0x         0x00862e         Code  Gb  long.o [4]
?add32_l0_l0_dl         0x008629         Code  Gb  long.o [4]
?b0                     0x000000         Data  Gb  vregs.o [4]
?b1                     0x000001         Data  Gb  vregs.o [4]
?b10                    0x00000a         Data  Gb  vregs.o [4]
?b11                    0x00000b         Data  Gb  vregs.o [4]
?b12                    0x00000c         Data  Gb  vregs.o [4]
?b13                    0x00000d         Data  Gb  vregs.o [4]
?b14                    0x00000e         Data  Gb  vregs.o [4]
?b15                    0x00000f         Data  Gb  vregs.o [4]
?b2                     0x000002         Data  Gb  vregs.o [4]
?b3                     0x000003         Data  Gb  vregs.o [4]
?b4                     0x000004         Data  Gb  vregs.o [4]
?b5                     0x000005         Data  Gb  vregs.o [4]
?b6                     0x000006         Data  Gb  vregs.o [4]
?b7                     0x000007         Data  Gb  vregs.o [4]
?b8                     0x000008         Data  Gb  vregs.o [4]
?b9                     0x000009         Data  Gb  vregs.o [4]
?dc32_l0                0x0096fb         Code  Gb  dc_util.o [4]
?dc32_l1                0x009708         Code  Gb  dc_util.o [4]
?dc32_px                0x009715         Code  Gb  dc_util.o [4]
?dec32_0x_0x            0x008615         Code  Gb  long.o [4]
?dec32_l2_l2            0x00860b         Code  Gb  long.o [4]
?dec32_l3_l3            0x008610         Code  Gb  long.o [4]
?e0                     0x000001         Data  Gb  vregs.o [4]
?e1                     0x000005         Data  Gb  vregs.o [4]
?e2                     0x000009         Data  Gb  vregs.o [4]
?e3                     0x00000d         Data  Gb  vregs.o [4]
?epilogue_l2            0x00881d         Code  Gb  vreg_util.o [4]
?epilogue_l2_l3         0x00881a         Code  Gb  vreg_util.o [4]
?epilogue_l2_w6         0x008821         Code  Gb  vreg_util.o [4]
?epilogue_w4            0x008828         Code  Gb  vreg_util.o [4]
?inc32_0x_0x            0x0085fd         Code  Gb  long.o [4]
?inc32_l0_l0            0x0085f3         Code  Gb  long.o [4]
?inc32_l2_l2            0x0085f8         Code  Gb  long.o [4]
?l0                     0x000000         Data  Gb  vregs.o [4]
?l1                     0x000004         Data  Gb  vregs.o [4]
?l2                     0x000008         Data  Gb  vregs.o [4]
?l3                     0x00000c         Data  Gb  vregs.o [4]
?load32_0x_l0           0x0092c9         Code  Gb  long_util.o [4]
?load32_asp_l0          0x0092bd         Code  Gb  long_util.o [4]
?load32_dbsp_l0         0x0092b8         Code  Gb  long_util.o [4]
?load32_l0_0x           0x009294         Code  Gb  long_util.o [4]
?load32_l0_asp          0x009289         Code  Gb  long_util.o [4]
?load32_l0_dbsp         0x009284         Code  Gb  long_util.o [4]
?load32_l0_xsp          0x00928b         Code  Gb  long_util.o [4]
?load32_l1_0x           0x0092a0         Code  Gb  long_util.o [4]
?load32_l2_0x           0x0092ac         Code  Gb  long_util.o [4]
?load32_xsp_l0          0x0092bf         Code  Gb  long_util.o [4]
?mov_e0_e2              0x00886e         Code  Gb  vreg_util.o [4]
?mov_e0_e3              0x00887b         Code  Gb  vreg_util.o [4]
?mov_e1_e2              0x008888         Code  Gb  vreg_util.o [4]
?mov_e2_e0              0x008895         Code  Gb  vreg_util.o [4]
?mov_e3_e0              0x0088a2         Code  Gb  vreg_util.o [4]
?mov_l0_l2              0x00886b         Code  Gb  vreg_util.o [4]
?mov_l0_l3              0x008878         Code  Gb  vreg_util.o [4]
?mov_l1_l2              0x008885         Code  Gb  vreg_util.o [4]
?mov_l2_l0              0x008892         Code  Gb  vreg_util.o [4]
?mov_l3_l0              0x00889f         Code  Gb  vreg_util.o [4]
?mov_w0_w4              0x00882c         Code  Gb  vreg_util.o [4]
?mov_w0_w6              0x008833         Code  Gb  vreg_util.o [4]
?mov_w1_w0              0x00883a         Code  Gb  vreg_util.o [4]
?mov_w1_w5              0x008871         Code  Gb  vreg_util.o [4]
?mov_w1_w6              0x008841         Code  Gb  vreg_util.o [4]
?mov_w1_w7              0x00887e         Code  Gb  vreg_util.o [4]
?mov_w2_w1              0x008848         Code  Gb  vreg_util.o [4]
?mov_w3_w5              0x00888b         Code  Gb  vreg_util.o [4]
?mov_w4_w1              0x00884f         Code  Gb  vreg_util.o [4]
?mov_w5_w0              0x008856         Code  Gb  vreg_util.o [4]
?mov_w5_w1              0x008898         Code  Gb  vreg_util.o [4]
?mov_w6_w0              0x00885d         Code  Gb  vreg_util.o [4]
?mov_w6_w1              0x008864         Code  Gb  vreg_util.o [4]
?mov_w7_w1              0x0088a5         Code  Gb  vreg_util.o [4]
?mul16_x_x_w0           0x009685         Code  Gb  short.o [4]
?mul32_l0_l0_0x         0x008664         Code  Gb  long.o [4]
?mul32_l0_l0_dl         0x008661         Code  Gb  long.o [4]
?mul32_l0_l0_l1         0x00866d         Code  Gb  long.o [4]
?pop_l0                 0x0087e6         Code  Gb  vreg_util.o [4]
?pop_l1                 0x0087f1         Code  Gb  vreg_util.o [4]
?pop_l2                 0x0087fc         Code  Gb  vreg_util.o [4]
?pop_l3                 0x008807         Code  Gb  vreg_util.o [4]
?pop_w4                 0x008798         Code  Gb  vreg_util.o [4]
?pop_w5                 0x00879f         Code  Gb  vreg_util.o [4]
?pop_w6                 0x0087a6         Code  Gb  vreg_util.o [4]
?push_l0                0x0087b5         Code  Gb  vreg_util.o [4]
?push_l1                0x0087ba         Code  Gb  vreg_util.o [4]
?push_l2                0x0087bf         Code  Gb  vreg_util.o [4]
?push_l3                0x0087c4         Code  Gb  vreg_util.o [4]
?push_w1                0x008771         Code  Gb  vreg_util.o [4]
?push_w4                0x008776         Code  Gb  vreg_util.o [4]
?push_w5                0x00877b         Code  Gb  vreg_util.o [4]
?push_w6                0x008780         Code  Gb  vreg_util.o [4]
?sll16_x_x_4            0x0096a4         Code  Gb  short.o [4]
?sll16_x_x_5            0x0096a3         Code  Gb  short.o [4]
?sll32_0x_0x_a          0x008763         Code  Gb  long.o [4]
?sll32_l0_l0_a          0x008760         Code  Gb  long.o [4]
?srl16_x_x_4            0x0096a9         Code  Gb  short.o [4]
?sub32_l0_l0_0x         0x008649         Code  Gb  long.o [4]
?sub32_l0_l0_l1         0x008646         Code  Gb  long.o [4]
?udiv32_l0_dl_l1        0x0086eb         Code  Gb  long.o [4]
?udiv32_l0_l0_dl        0x0086f0         Code  Gb  long.o [4]
?udiv32_l0_l0_l1        0x0086f3         Code  Gb  long.o [4]
?umod32_l1_l0_l1        0x0086f3         Code  Gb  long.o [4]
?w0                     0x000000         Data  Gb  vregs.o [4]
?w1                     0x000002         Data  Gb  vregs.o [4]
?w2                     0x000004         Data  Gb  vregs.o [4]
?w3                     0x000006         Data  Gb  vregs.o [4]
?w4                     0x000008         Data  Gb  vregs.o [4]
?w5                     0x00000a         Data  Gb  vregs.o [4]
?w6                     0x00000c         Data  Gb  vregs.o [4]
?w7                     0x00000e         Data  Gb  vregs.o [4]
ADC1_IRQHandler         0x009b5d    0x1  Code  Gb  stm8s_it.o [1]
AWU_IRQHandler          0x009b50    0x1  Code  Gb  stm8s_it.o [1]
CLK_DeInit              0x00955b   0x36  Code  Gb  stm8s_clk.o [1]
CLK_GetClockFreq        0x009442   0x3b  Code  Gb  stm8s_clk.o [1]
CLK_HSICmd              0x009924    0xd  Code  Gb  stm8s_clk.o [1]
CLK_HSIPrescalerConfig  0x009908    0xe  Code  Gb  stm8s_clk.o [1]
CLK_IRQHandler          0x009b51    0x1  Code  Gb  stm8s_it.o [1]
CSTACK$$Base            0x000200          --   Gb  - Linker created -
CSTACK$$Limit           0x000400          --   Gb  - Linker created -
CaEepromCfg_Conf        0x009810   0x15  Data  Gb  MemIf_cfg.o [1]
CalTx522b_u_XOR         0x008080   0x12  Code  Lc  Tx522b.o [1]
Clear_BitMask           0x008415   0x1d  Code  Gb  fm175xx.o [1]
Clear_FIFO              0x008404   0x11  Code  Gb  fm175xx.o [1]
Delay100us              0x009b60    0x1  Code  Gb  Utility.o [1]
EEPROM_EEC_IRQHandler   0x009b5f    0x1  Code  Gb  stm8s_it.o [1]
EXTI_PORTA_IRQHandler   0x009b52    0x1  Code  Gb  stm8s_it.o [1]
EXTI_PORTB_IRQHandler   0x009b53    0x1  Code  Gb  stm8s_it.o [1]
EXTI_PORTC_IRQHandler   0x009b54    0x1  Code  Gb  stm8s_it.o [1]
EXTI_PORTD_IRQHandler   0x009b55    0x1  Code  Gb  stm8s_it.o [1]
EXTI_PORTE_IRQHandler   0x009b56    0x1  Code  Gb  stm8s_it.o [1]
FLASH_Lock              0x0099b7    0xb  Code  Gb  stm8s_flash.o [1]
FLASH_ProgramByte       0x009aea    0x4  Code  Gb  stm8s_flash.o [1]
FLASH_ReadByte          0x009aee    0x4  Code  Gb  stm8s_flash.o [1]
FLASH_Unlock            0x0097ce   0x16  Code  Gb  stm8s_flash.o [1]
FM175X_SoftReset        0x0099cd    0xa  Code  Gb  fm175xx.o [1]
GPIO_Init               0x0090b0   0x64  Code  Gb  stm8s_gpio.o [1]
GPIO_WriteHigh          0x009a8d    0x7  Code  Gb  stm8s_gpio.o [1]
GPIO_WriteLow           0x009af2    0x4  Code  Gb  stm8s_gpio.o [1]
GetCardRd_u_BlockData   0x008f76   0x69  Code  Gb  CardRd.o [1]
GetTx522bCfg_u_ACardSnr
                        0x009b31    0x3  Code  Gb  Tx522b_cfg.o [1]
GetTx522bCfg_u_BCardSnr
                        0x009b34    0x3  Code  Gb  Tx522b_cfg.o [1]
GetTx522bCfg_u_BlockData
                        0x009b2e    0x3  Code  Gb  Tx522b_cfg.o [1]
GetTx522bCfg_u_RxMsg    0x009b22    0x3  Code  Gb  Tx522b_cfg.o [1]
GetTx522bCfg_u_RxMsgRenew
                        0x009b1f    0x3  Code  Gb  Tx522b_cfg.o [1]
GetTx522bCfg_u_TxIdle   0x009b3d    0x3  Code  Gb  Tx522b_cfg.o [1]
GetUartCmn_u_RxMsg      0x009781   0x1b  Code  Gb  UartCmn.o [1]
GetUartCmn_u_RxMsgRenew
                        0x0094b6   0x38  Code  Gb  UartCmn.o [1]
GetUartCmn_u_TxIdle     0x0099eb    0xa  Code  Gb  UartCmn.o [1]
HSIDivFactor            0x009ada    0x4  Data  Gb  stm8s_clk.o [1]
I2C_IRQHandler          0x009b5c    0x1  Code  Gb  stm8s_it.o [1]
INTVEC$$Base            0x008000          --   Gb  - Linker created -
INTVEC$$Limit           0x008080          --   Gb  - Linker created -
IWDG_Enable             0x009ad0    0x5  Code  Gb  stm8s_iwdg.o [1]
IWDG_ReloadCounter      0x009acb    0x5  Code  Gb  stm8s_iwdg.o [1]
IWDG_SetPrescaler       0x009afa    0x4  Code  Gb  stm8s_iwdg.o [1]
IWDG_SetReload          0x009afe    0x4  Code  Gb  stm8s_iwdg.o [1]
IWDG_WriteAccessCmd     0x009af6    0x4  Code  Gb  stm8s_iwdg.o [1]
InitTx522b_parameter    0x00962a   0x30  Code  Gb  Tx522b.o [1]
InitUartCmn_parameter   0x009958    0xd  Code  Gb  UartCmn.o [1]
Mcu_Init                0x008e8c   0x7c  Code  Gb  Mcu_Init.o [1]
Mcu_Init_GPIOConfig     0x009329   0x4a  Code  Lc  Mcu_Init.o [1]
Mcu_Init_SetBaudRtae    0x008c7d   0x88  Code  Gb  Mcu_Init.o [1]
MemIfCfg_FLASH_Lock     0x009abc    0x5  Code  Gb  MemIf_cfg.o [1]
MemIfCfg_FLASH_ProgramByte
                        0x009b19    0x3  Code  Gb  MemIf_cfg.o [1]
MemIfCfg_FLASH_ReadByte
                        0x009b1c    0x3  Code  Gb  MemIf_cfg.o [1]
MemIfCfg_FLASH_Unlock   0x009ab7    0x5  Code  Gb  MemIf_cfg.o [1]
MemIf_ReadEE            0x009177   0x5f  Code  Gb  MemIf.o [1]
MemIf_WriteEE           0x008f08   0x6e  Code  Gb  MemIf.o [1]
Mifare_Auth             0x008d05   0x86  Code  Gb  mifare_card.o [1]
Mifare_Blockread        0x0093bd   0x44  Code  Gb  mifare_card.o [1]
Mifare_Blockwrite       0x0091d6   0x5a  Code  Gb  mifare_card.o [1]
Pcd_Comm                0x008489  0x143  Code  Gb  fm175xx.o [1]
Pcd_ConfigISOType       0x008bf2   0x8b  Code  Gb  fm175xx.o [1]
Pcd_SetTimer            0x008e0f   0x7d  Code  Gb  fm175xx.o [1]
RdCardRd_u_Card_TyteB   0x009048   0x68  Code  Gb  CardRd.o [1]
RdCardRd_u_MiCard_TyteA
                        0x009401   0x41  Code  Gb  CardRd.o [1]
Read_Reg                0x009b16    0x3  Code  Gb  fm175xx.o [1]
Region$$Table$$Base     0x009720          --   Gb  - Linker created -
Region$$Table$$Limit    0x009728          --   Gb  - Linker created -
RxMsg                   0x000132   0x3b  Data  Lc  Tx522b.o [1]
SPI_Cmd                 0x009931    0xd  Code  Gb  stm8s_spi.o [1]
SPI_DeInit              0x009825   0x15  Code  Gb  stm8s_spi.o [1]
SPI_GetFlagStatus       0x009875   0x12  Code  Gb  stm8s_spi.o [1]
SPI_IRQHandler          0x009b57    0x1  Code  Gb  stm8s_it.o [1]
SPI_Init                0x0095c7   0x32  Code  Gb  stm8s_spi.o [1]
SPI_ReceiveData         0x009b06    0x4  Code  Gb  stm8s_spi.o [1]
SPI_SendData            0x009b02    0x4  Code  Gb  stm8s_spi.o [1]
SaCardRd_u_PDfultKey    0x00016d    0x6  Data  Gb  CardRd.o [1]
SaUartCmn_u_RxBuff      0x0000f4   0x3e  Data  Lc  UartCmn.o [1]
SeTx522b_dw_DelayTimer  0x000173    0x4  Data  Lc  Tx522b.o [1]
SeTx522b_dw_RcovrAutoDtctT
                        0x000177    0x4  Data  Lc  Tx522b.o [1]
SeTx522b_u_AutoDtctFlag
                        0x00017b    0x1  Data  Lc  Tx522b.o [1]
SendTx522b_CardId       0x008092   0xce  Code  Lc  Tx522b.o [1]
SetTx522bCfg_BaudRtae   0x009b3a    0x3  Code  Gb  Tx522b_cfg.o [1]
SetTx522bCfg_TxMsg      0x009b2b    0x3  Code  Gb  Tx522b_cfg.o [1]
SetUartCmn_TxMsg        0x009591   0x36  Code  Gb  UartCmn.o [1]
Set_BitMask             0x0083e9   0x1b  Code  Gb  fm175xx.o [1]
Set_Rf                  0x008438   0x51  Code  Gb  fm175xx.o [1]
TIM1_CAP_COM_IRQHandler
                        0x009b59    0x1  Code  Gb  stm8s_it.o [1]
TIM1_UPD_OVF_TRG_BRK_IRQHandler
                        0x009b58    0x1  Code  Gb  stm8s_it.o [1]
TIM2_CAP_COM_IRQHandler
                        0x009b5b    0x1  Code  Gb  stm8s_it.o [1]
TIM2_UPD_OVF_BRK_IRQHandler
                        0x009b5a    0x1  Code  Gb  stm8s_it.o [1]
TIM4_UPD_OVF_IRQHandler
                        0x009b5e    0x1  Code  Gb  stm8s_it.o [1]
TLI_IRQHandler          0x009b4f    0x1  Code  Gb  stm8s_it.o [1]
TRAP_IRQHandler         0x009b4e    0x1  Code  Gb  stm8s_it.o [1]
Tx522bCfg_ReadEE        0x009b28    0x3  Code  Gb  Tx522b_cfg.o [1]
Tx522bCfg_WriteEE       0x009b25    0x3  Code  Gb  Tx522b_cfg.o [1]
Tx522bCfg_u_WriteBlock  0x009b37    0x3  Code  Gb  Tx522b_cfg.o [1]
Tx522b_AutoDetectCard   0x00817e   0xa6  Code  Lc  Tx522b.o [1]
Tx522b_CmdDeal          0x00822f  0x1a9  Code  Lc  Tx522b.o [1]
Tx522b_DataSaveToBuff   0x0092d7   0x52  Code  Lc  Tx522b.o [1]
Tx522b_MainFunction     0x008b4f   0xa3  Code  Gb  Tx522b.o [1]
TxMsg                   0x000010   0x60  Data  Lc  Tx522b.o [1]
TxMsgHeader             0x00017c    0x1  Data  Lc  Tx522b.o [1]
TxMsgRear               0x00017d    0x1  Data  Lc  Tx522b.o [1]
TypeA_Anticollision     0x008d8b   0x84  Code  Gb  type_a.o [1]
TypeA_CardActive        0x008a86   0xc9  Code  Gb  type_a.o [1]
TypeA_Request           0x00947d   0x39  Code  Gb  type_a.o [1]
TypeA_Select            0x009114   0x63  Code  Gb  type_a.o [1]
TypeB_GetUID            0x0095f9   0x31  Code  Gb  type_b.o [1]
TypeB_Select            0x009373   0x4a  Code  Gb  type_b.o [1]
TypeB_WUP               0x0096d5   0x26  Code  Gb  type_b.o [1]
UART1_Cmd               0x00993e    0xd  Code  Gb  stm8s_uart1.o [1]
UART1_DeInit            0x00965a   0x2b  Code  Gb  stm8s_uart1.o [1]
UART1_GetFlagStatus     0x0096ae   0x27  Code  Gb  stm8s_uart1.o [1]
UART1_Init              0x0088ac  0x10c  Code  Gb  stm8s_uart1.o [1]
UART1_RX_IRQHandler     0x0097fa   0x16  Code  Gb  stm8s_it.o [1]
UART1_ReceiveData8      0x009b0a    0x4  Code  Gb  stm8s_uart1.o [1]
UART1_SendData8         0x009b0e    0x4  Code  Gb  stm8s_uart1.o [1]
UART1_TX_IRQHandler     0x0097e4   0x16  Code  Gb  stm8s_it.o [1]
UartCmn_Rx_Msg          0x0089b8   0xce  Code  Gb  UartCmn.o [1]
UartCmn_Tx_Msg          0x009230   0x54  Code  Gb  UartCmn.o [1]
UartCmn_u_RxMsgBuff     0x0097b5   0x19  Code  Lc  UartCmn.o [1]
Uart_RecMsg             0x000070   0x43  Data  Lc  UartCmn.o [1]
Uart_TxMsg              0x0000b3   0x41  Data  Lc  UartCmn.o [1]
WrCardRd_MiCard_TyteA   0x008fdf   0x69  Code  Gb  CardRd.o [1]
Write_Reg               0x009ade    0x4  Code  Gb  fm175xx.o [1]
__exit                  0x009b4c    0x2  Code  Gb  xxexit.o [3]
__iar_data_init2        0x00984e   0x14  Code  Gb  init.o [4]
__iar_program_start     0x009862         Code  Gb  cstartup.o [4]
__iar_unhandled_exception
                        0x009b49         Code  Gb  unhandled_exception.o [4]
__iar_zero_init2        0x009747         Code  Gb  init_small.o [4]
__intvec                0x008000         Data  Gb  interrupt.o [4]
__low_level_init        0x009b43    0x3  Code  Gb  low_level_init.o [4]
_exit                   0x009ad5         Code  Gb  cexit.o [4]
_interrupt_1            0x009b4e         Code  Gb  stm8s_it.o [1]
_interrupt_12           0x009b57         Code  Gb  stm8s_it.o [1]
_interrupt_13           0x009b58         Code  Gb  stm8s_it.o [1]
_interrupt_14           0x009b59         Code  Gb  stm8s_it.o [1]
_interrupt_15           0x009b5a         Code  Gb  stm8s_it.o [1]
_interrupt_16           0x009b5b         Code  Gb  stm8s_it.o [1]
_interrupt_19           0x0097e4         Code  Gb  stm8s_it.o [1]
_interrupt_2            0x009b4f         Code  Gb  stm8s_it.o [1]
_interrupt_20           0x0097fa         Code  Gb  stm8s_it.o [1]
_interrupt_21           0x009b5c         Code  Gb  stm8s_it.o [1]
_interrupt_24           0x009b5d         Code  Gb  stm8s_it.o [1]
_interrupt_25           0x009b5e         Code  Gb  stm8s_it.o [1]
_interrupt_26           0x009b5f         Code  Gb  stm8s_it.o [1]
_interrupt_3            0x009b50         Code  Gb  stm8s_it.o [1]
_interrupt_4            0x009b51         Code  Gb  stm8s_it.o [1]
_interrupt_5            0x009b52         Code  Gb  stm8s_it.o [1]
_interrupt_6            0x009b53         Code  Gb  stm8s_it.o [1]
_interrupt_7            0x009b54         Code  Gb  stm8s_it.o [1]
_interrupt_8            0x009b55         Code  Gb  stm8s_it.o [1]
_interrupt_9            0x009b56         Code  Gb  stm8s_it.o [1]
exit                    0x009b46    0x3  Code  Gb  exit.o [4]
main                    0x009765   0x1c  Code  Gb  main.o [1]
memcpy                  0x009728   0x1f  Code  Gb  memcpy.o [4]
spi_GetReg              0x009525   0x36  Code  Gb  fm175xx_cfg.o [1]
spi_SetReg              0x0094ee   0x37  Code  Gb  fm175xx_cfg.o [1]


[1] = D:\work_lj\ProjectBuilder\STM8S_FM17550\CardReader_v1.0\Release\Obj
[2] = command line
[3] = dbgstm8smn.a
[4] = dlstm8smn.a

  6 848 bytes of readonly  code memory
    161 bytes of readonly  data memory
    894 bytes of readwrite data memory

Errors: none
Warnings: none
